// Jest Snapshot v1, https://goo.gl/fbAQLP

exports[`Flex Snap render initial Flex 1`] = `
<div
  class="cr-flexbox cr-flexbox-align-center"
>
  
  <div
    class="cr-flexbox-item"
  >
    
    hello wrold
    
  </div>
  
</div>
`;
