// Jest Snapshot v1, https://goo.gl/fbAQLP

exports[`ImagePreview Snap render ImagePreview props images 1`] = `
<div
  class="at-image-preview"
>
  <div
    class="at-image-preview-mask"
  />
  <!---->
</div>
`;

exports[`ImagePreview Snap render ImagePreview props show 1`] = `
<div
  class="at-image-preview at-image-preview-active"
>
  <div
    class="at-image-preview-mask"
  />
  <div
    class="at-swiper horizontal at-image-preview-content"
    style="transform: scale(1, 1);"
  >
    <div
      class="at-swiper-wrap"
      style="transform: translate3d(0px,0px,0); transition-duration: 0ms; transition-timing-function: ease;"
    >
      
      
      <div
        class="at-swiper-slide"
      >
        <img
          src="https://zos.alipayobjects.com/rmsportal/PZUUCKTRIHWiZSY.jpeg"
          style="max-width: 100%;"
        />
      </div>
      <div
        class="at-swiper-slide"
      >
        <img
          src="https://zos.alipayobjects.com/rmsportal/hqQWgTXdrlmVVYi.jpeg"
          style="max-width: 100%;"
        />
      </div>
      <div
        class="at-swiper-slide"
      >
        <img
          src="https://zos.alipayobjects.com/rmsportal/PZUUCKTRIHWiZSY.jpeg"
          style="max-width: 100%;"
        />
      </div>
      <div
        class="at-swiper-slide"
      >
        <img
          src="https://zos.alipayobjects.com/rmsportal/PZUUCKTRIHWiZSY.jpeg"
          style="max-width: 100%;"
        />
      </div>
      <div
        class="at-swiper-slide"
      >
        <img
          src="https://zos.alipayobjects.com/rmsportal/PZUUCKTRIHWiZSY.jpeg"
          style="max-width: 100%;"
        />
      </div>
      
      
    </div>
    <div
      class="at-swiper-pagination"
    >
      
      
    </div>
  </div>
</div>
`;

exports[`ImagePreview Snap render initial ImagePreview 1`] = `
<div
  class="at-image-preview"
>
  <div
    class="at-image-preview-mask"
  />
  <!---->
</div>
`;
